Estimated testing time 5m (30 benchmarks x 10s). Change using '-quota'.
merkle-trees tree generation (SHA256 / h = 3): Total time taken 10.054149627685547s (58 samples, max runs 58).
merkle-trees tree generation (SHA256 / h = 5): Total time taken 10.162689208984375s (54 samples, max runs 54).
merkle-trees tree generation (SHA256 / h = 10): Total time taken 10.272016525268555s (22 samples, max runs 22).
merkle-trees tree generation (SHA256 / h = 12): Total time taken 10.525056838989258s (11 samples, max runs 11).
merkle-trees tree generation (SHA256 / h = 15): Total time taken 16.69295334815979s (3 samples, max runs 3).
merkle-trees tree generation (Blake2B / h = 3): Total time taken 10.118621826171875s (57 samples, max runs 57).
merkle-trees tree generation (Blake2B / h = 5): Total time taken 10.138484001159668s (46 samples, max runs 46).
merkle-trees tree generation (Blake2B / h = 10): Total time taken 10.52608323097229s (21 samples, max runs 21).
merkle-trees tree generation (Blake2B / h = 12): Total time taken 10.021328210830688s (10 samples, max runs 10).
merkle-trees tree generation (Blake2B / h = 15): Total time taken 18.861351251602173s (3 samples, max runs 3).
merkle-trees path computation (SHA256 / h = 3): Total time taken 10.141175270080566s (60 samples, max runs 60).
merkle-trees path computation (SHA256 / h = 5): Total time taken 10.007457971572876s (58 samples, max runs 58).
merkle-trees path computation (SHA256 / h = 10): Total time taken 10.195757865905762s (37 samples, max runs 37).
merkle-trees path computation (SHA256 / h = 12): Total time taken 11.184382200241089s (16 samples, max runs 16).
merkle-trees path computation (SHA256 / h = 15): Total time taken 14.801874399185181s (3 samples, max runs 3).
merkle-trees path computation (Blake2B / h = 3): Total time taken 10.045875787734985s (56 samples, max runs 56).
merkle-trees path computation (Blake2B / h = 5): Total time taken 10.123443841934204s (57 samples, max runs 57).
merkle-trees path computation (Blake2B / h = 10): Total time taken 10.22441554069519s (43 samples, max runs 43).
merkle-trees path computation (Blake2B / h = 12): Total time taken 10.384286880493164s (16 samples, max runs 16).
merkle-trees path computation (Blake2B / h = 15): Total time taken 16.567729234695435s (3 samples, max runs 3).
merkle-trees path verification (SHA256 / h = 3): Total time taken 10.126675367355347s (48 samples, max runs 48).
merkle-trees path verification (SHA256 / h = 5): Total time taken 10.16072154045105s (58 samples, max runs 58).
merkle-trees path verification (SHA256 / h = 10): Total time taken 10.068118572235107s (58 samples, max runs 58).
merkle-trees path verification (SHA256 / h = 12): Total time taken 10.128339052200317s (58 samples, max runs 58).
merkle-trees path verification (SHA256 / h = 15): Total time taken 10.175178527832031s (58 samples, max runs 58).
merkle-trees path verification (Blake2B / h = 3): Total time taken 10.075835943222046s (59 samples, max runs 59).
merkle-trees path verification (Blake2B / h = 5): Total time taken 10.04722261428833s (58 samples, max runs 58).
merkle-trees path verification (Blake2B / h = 10): Total time taken 10.147793292999268s (56 samples, max runs 56).
merkle-trees path verification (Blake2B / h = 12): Total time taken 10.040328741073608s (53 samples, max runs 53).
merkle-trees path verification (Blake2B / h = 15): Total time taken 10.042031049728394s (46 samples, max runs 46).
┌───────────────────────────────────────────────────┬────────────────┬─────────────┬────────────┬─────────────┬─────────────┬─────────────┬─────────────┬────────────┐
│ Name                                              │       Time/Run │     mWd/Run │ mWd Overhd │    mjWd/Run │ mjWd Overhd │    Prom/Run │ Prom Overhd │ Percentage │
├───────────────────────────────────────────────────┼────────────────┼─────────────┼────────────┼─────────────┼─────────────┼─────────────┼─────────────┼────────────┤
│ merkle-trees tree generation (SHA256 / h = 3)     │       205.81us │     11.46kw │     27.02w │       8.65w │     -64.30w │       8.65w │     -64.30w │      0.00% │
├───────────────────────────────────────────────────┼────────────────┼─────────────┼────────────┼─────────────┼─────────────┼─────────────┼─────────────┼────────────┤
│ merkle-trees tree generation (SHA256 / h = 5)     │       805.94us │     44.36kw │     29.23w │      32.67w │      14.14w │      32.67w │      14.14w │      0.01% │
├───────────────────────────────────────────────────┼────────────────┼─────────────┼────────────┼─────────────┼─────────────┼─────────────┼─────────────┼────────────┤
│ merkle-trees tree generation (SHA256 / h = 10)    │    28_719.95us │  1_403.47kw │     25.76w │   7_580.49w │   3_409.06w │   7_580.49w │   3_409.06w │      0.48% │
├───────────────────────────────────────────────────┼────────────────┼─────────────┼────────────┼─────────────┼─────────────┼─────────────┼─────────────┼────────────┤
│ merkle-trees tree generation (SHA256 / h = 12)    │   157_278.22us │  5_612.20kw │     26.36w │  49_479.79w │   6_033.86w │  49_479.79w │   6_033.86w │      2.61% │
├───────────────────────────────────────────────────┼────────────────┼─────────────┼────────────┼─────────────┼─────────────┼─────────────┼─────────────┼────────────┤
│ merkle-trees tree generation (SHA256 / h = 15)    │ 5_409_025.57us │ 44_893.45kw │     25.50w │ 567_065.00w │   2_498.33w │ 567_065.00w │   2_498.33w │     89.59% │
├───────────────────────────────────────────────────┼────────────────┼─────────────┼────────────┼─────────────┼─────────────┼─────────────┼─────────────┼────────────┤
│ merkle-trees tree generation (Blake2B / h = 3)    │       253.98us │     24.66kw │     25.54w │      20.94w │    -161.38w │      20.94w │    -161.38w │      0.00% │
├───────────────────────────────────────────────────┼────────────────┼─────────────┼────────────┼─────────────┼─────────────┼─────────────┼─────────────┼────────────┤
│ merkle-trees tree generation (Blake2B / h = 5)    │     1_101.97us │     95.00kw │     27.99w │     119.24w │     -90.99w │     119.24w │     -90.99w │      0.02% │
├───────────────────────────────────────────────────┼────────────────┼─────────────┼────────────┼─────────────┼─────────────┼─────────────┼─────────────┼────────────┤
│ merkle-trees tree generation (Blake2B / h = 10)   │    32_956.23us │  3_001.65kw │     37.35w │  15_073.52w │  -4_451.05w │  15_073.52w │  -4_451.05w │      0.55% │
├───────────────────────────────────────────────────┼────────────────┼─────────────┼────────────┼─────────────┼─────────────┼─────────────┼─────────────┼────────────┤
│ merkle-trees tree generation (Blake2B / h = 12)   │   185_007.60us │ 12_002.74kw │     33.09w │  87_469.27w │     713.20w │  87_469.27w │     713.20w │      3.06% │
├───────────────────────────────────────────────────┼────────────────┼─────────────┼────────────┼─────────────┼─────────────┼─────────────┼─────────────┼────────────┤
│ merkle-trees tree generation (Blake2B / h = 15)   │ 6_037_358.62us │ 96_012.78kw │     28.83w │ 877_630.00w │   1_483.00w │ 877_630.00w │   1_483.00w │    100.00% │
├───────────────────────────────────────────────────┼────────────────┼─────────────┼────────────┼─────────────┼─────────────┼─────────────┼─────────────┼────────────┤
│ merkle-trees path computation (SHA256 / h = 3)    │        76.26us │      3.21kw │     27.00w │    0.00e-9w │    0.00e-9w │    0.00e-9w │    0.00e-9w │      0.00% │
├───────────────────────────────────────────────────┼────────────────┼─────────────┼────────────┼─────────────┼─────────────┼─────────────┼─────────────┼────────────┤
│ merkle-trees path computation (SHA256 / h = 5)    │       178.94us │      5.51kw │     27.00w │       3.84w │     -64.58w │       3.84w │     -64.58w │      0.00% │
├───────────────────────────────────────────────────┼────────────────┼─────────────┼────────────┼─────────────┼─────────────┼─────────────┼─────────────┼────────────┤
│ merkle-trees path computation (SHA256 / h = 10)   │     6_044.29us │     61.61kw │     24.22w │     646.36w │    -909.51w │     646.36w │    -909.51w │      0.10% │
├───────────────────────────────────────────────────┼────────────────┼─────────────┼────────────┼─────────────┼─────────────┼─────────────┼─────────────┼────────────┤
│ merkle-trees path computation (SHA256 / h = 12)   │    69_705.54us │    228.50kw │     25.82w │  11_536.54w │  -7_913.01w │  11_536.54w │  -7_913.01w │      1.15% │
├───────────────────────────────────────────────────┼────────────────┼─────────────┼────────────┼─────────────┼─────────────┼─────────────┼─────────────┼────────────┤
│ merkle-trees path computation (SHA256 / h = 15)   │ 4_718_593.03us │  1_778.32kw │     26.17w │ 264_875.00w │  -2_093.00w │ 264_875.00w │  -2_093.00w │     78.16% │
├───────────────────────────────────────────────────┼────────────────┼─────────────┼────────────┼─────────────┼─────────────┼─────────────┼─────────────┼────────────┤
│ merkle-trees path computation (Blake2B / h = 3)   │       103.29us │      7.26kw │     26.90w │       5.93w │     -79.39w │       5.93w │     -79.39w │      0.00% │
├───────────────────────────────────────────────────┼────────────────┼─────────────┼────────────┼─────────────┼─────────────┼─────────────┼─────────────┼────────────┤
│ merkle-trees path computation (Blake2B / h = 5)   │       176.33us │     12.16kw │     27.00w │       9.34w │     -46.52w │       9.34w │     -46.52w │      0.00% │
├───────────────────────────────────────────────────┼────────────────┼─────────────┼────────────┼─────────────┼─────────────┼─────────────┼─────────────┼────────────┤
│ merkle-trees path computation (Blake2B / h = 10)  │     3_498.68us │    118.56kw │     28.57w │   1_920.16w │    -897.12w │   1_920.16w │    -897.12w │      0.06% │
├───────────────────────────────────────────────────┼────────────────┼─────────────┼────────────┼─────────────┼─────────────┼─────────────┼─────────────┼────────────┤
│ merkle-trees path computation (Blake2B / h = 12)  │    66_176.31us │    431.31kw │     26.69w │  28_409.57w │   3_674.67w │  28_409.57w │   3_674.67w │      1.10% │
├───────────────────────────────────────────────────┼────────────────┼─────────────┼────────────┼─────────────┼─────────────┼─────────────┼─────────────┼────────────┤
│ merkle-trees path computation (Blake2B / h = 15)  │ 5_307_839.77us │  3_330.91kw │     26.33w │ 398_070.00w │   1_200.00w │ 398_070.00w │   1_200.00w │     87.92% │
├───────────────────────────────────────────────────┼────────────────┼─────────────┼────────────┼─────────────┼─────────────┼─────────────┼─────────────┼────────────┤
│ merkle-trees path verification (SHA256 / h = 3)   │        97.54us │      5.50kw │     27.00w │    0.00e-9w │    0.00e-9w │    0.00e-9w │    0.00e-9w │      0.00% │
├───────────────────────────────────────────────────┼────────────────┼─────────────┼────────────┼─────────────┼─────────────┼─────────────┼─────────────┼────────────┤
│ merkle-trees path verification (SHA256 / h = 5)   │       131.03us │      7.95kw │     26.32w │       2.79w │     -31.81w │       2.79w │     -31.81w │      0.00% │
├───────────────────────────────────────────────────┼────────────────┼─────────────┼────────────┼─────────────┼─────────────┼─────────────┼─────────────┼────────────┤
│ merkle-trees path verification (SHA256 / h = 10)  │       225.14us │     14.07kw │     26.88w │       7.24w │     -44.66w │       7.24w │     -44.66w │      0.00% │
├───────────────────────────────────────────────────┼────────────────┼─────────────┼────────────┼─────────────┼─────────────┼─────────────┼─────────────┼────────────┤
│ merkle-trees path verification (SHA256 / h = 12)  │       262.86us │     16.52kw │     25.22w │       5.93w │     -21.98w │       5.93w │     -21.98w │      0.00% │
├───────────────────────────────────────────────────┼────────────────┼─────────────┼────────────┼─────────────┼─────────────┼─────────────┼─────────────┼────────────┤
│ merkle-trees path verification (SHA256 / h = 15)  │       318.86us │     20.19kw │     25.29w │      10.54w │     -95.23w │      10.54w │     -95.23w │      0.01% │
├───────────────────────────────────────────────────┼────────────────┼─────────────┼────────────┼─────────────┼─────────────┼─────────────┼─────────────┼────────────┤
│ merkle-trees path verification (Blake2B / h = 3)  │       151.36us │     13.29kw │     26.03w │       8.21w │     -20.61w │       8.21w │     -20.61w │      0.00% │
├───────────────────────────────────────────────────┼────────────────┼─────────────┼────────────┼─────────────┼─────────────┼─────────────┼─────────────┼────────────┤
│ merkle-trees path verification (Blake2B / h = 5)  │       219.10us │     19.41kw │     26.98w │      24.73w │     -95.62w │      24.73w │     -95.62w │      0.00% │
├───────────────────────────────────────────────────┼────────────────┼─────────────┼────────────┼─────────────┼─────────────┼─────────────┼─────────────┼────────────┤
│ merkle-trees path verification (Blake2B / h = 10) │       387.27us │     34.70kw │     25.39w │      35.56w │     196.82w │      35.56w │     196.82w │      0.01% │
├───────────────────────────────────────────────────┼────────────────┼─────────────┼────────────┼─────────────┼─────────────┼─────────────┼─────────────┼────────────┤
│ merkle-trees path verification (Blake2B / h = 12) │       476.64us │     40.82kw │     24.09w │      43.92w │    -139.67w │      43.92w │    -139.67w │      0.01% │
├───────────────────────────────────────────────────┼────────────────┼─────────────┼────────────┼─────────────┼─────────────┼─────────────┼─────────────┼────────────┤
│ merkle-trees path verification (Blake2B / h = 15) │       687.95us │     50.00kw │     30.13w │      25.48w │    -157.55w │      25.48w │    -157.55w │      0.01% │
└───────────────────────────────────────────────────┴────────────────┴─────────────┴────────────┴─────────────┴─────────────┴─────────────┴─────────────┴────────────┘
Benchmarks that take 1ns to 100ms can be estimated precisely. For more reliable 
estimates, redesign your benchmark to have a shorter execution time.
