Estimated testing time 2m30s (15 benchmarks x 10s). Change using '-quota'.
merkle-trees tree generation (sha256 / h = 3): Total time taken 10.04283618927002s (96 samples, max runs 96).
merkle-trees tree generation (sha256 / h = 5): Total time taken 10.031048059463501s (88 samples, max runs 88).
merkle-trees tree generation (sha256 / h = 10): Total time taken 10.21169900894165s (31 samples, max runs 31).
merkle-trees tree generation (sha256 / h = 12): Total time taken 10.995319604873657s (14 samples, max runs 14).
merkle-trees tree generation (sha256 / h = 15): Total time taken 16.3828067779541s (3 samples, max runs 3).
merkle-trees path computation (sha256 / h = 3): Total time taken 10.01719331741333s (97 samples, max runs 97).
merkle-trees path computation (sha256 / h = 5): Total time taken 10.017412185668945s (95 samples, max runs 95).
merkle-trees path computation (sha256 / h = 10): Total time taken 10.381312131881714s (40 samples, max runs 40).
merkle-trees path computation (sha256 / h = 12): Total time taken 10.42404842376709s (16 samples, max runs 16).
merkle-trees path computation (sha256 / h = 15): Total time taken 15.664556741714478s (3 samples, max runs 3).
merkle-trees path verification (sha256 / h = 3): Total time taken 10.004281997680664s (97 samples, max runs 97).
merkle-trees path verification (sha256 / h = 5): Total time taken 10.07824444770813s (100 samples, max runs 100).
merkle-trees path verification (sha256 / h = 10): Total time taken 10.052366256713867s (99 samples, max runs 99).
merkle-trees path verification (sha256 / h = 12): Total time taken 10.065818548202515s (98 samples, max runs 98).
merkle-trees path verification (sha256 / h = 15): Total time taken 10.025890350341797s (98 samples, max runs 98).
┌──────────────────────────────────────────────────┬────────────────┬───────────────┬────────────┬─────────────┬─────────────┬─────────────┬─────────────┬────────────┐
│ Name                                             │       Time/Run │       mWd/Run │ mWd Overhd │    mjWd/Run │ mjWd Overhd │    Prom/Run │ Prom Overhd │ Percentage │
├──────────────────────────────────────────────────┼────────────────┼───────────────┼────────────┼─────────────┼─────────────┼─────────────┼─────────────┼────────────┤
│ merkle-trees tree generation (sha256 / h = 3)    │        82.11us │     1_540.00w │     27.00w │    0.00e-9w │    0.00e-9w │    0.00e-9w │    0.00e-9w │      0.00% │
├──────────────────────────────────────────────────┼────────────────┼───────────────┼────────────┼─────────────┼─────────────┼─────────────┼─────────────┼────────────┤
│ merkle-trees tree generation (sha256 / h = 5)    │       365.71us │     6_120.06w │     25.67w │       7.80w │    -109.63w │       7.80w │    -109.63w │      0.01% │
├──────────────────────────────────────────────────┼────────────────┼───────────────┼────────────┼─────────────┼─────────────┼─────────────┼─────────────┼────────────┤
│ merkle-trees tree generation (sha256 / h = 10)   │    15_450.52us │   194_651.86w │     23.52w │   4_364.25w │ -10_164.85w │   4_364.25w │ -10_164.85w │      0.29% │
├──────────────────────────────────────────────────┼────────────────┼───────────────┼────────────┼─────────────┼─────────────┼─────────────┼─────────────┼────────────┤
│ merkle-trees tree generation (sha256 / h = 12)   │   106_751.26us │   778_356.57w │     25.49w │  37_447.34w │ -31_805.49w │  37_447.34w │ -31_805.49w │      2.00% │
├──────────────────────────────────────────────────┼────────────────┼───────────────┼────────────┼─────────────┼─────────────┼─────────────┼─────────────┼────────────┤
│ merkle-trees tree generation (sha256 / h = 15)   │ 5_326_142.41us │ 6_226_090.00w │     19.33w │ 550_482.50w │   1_351.50w │ 550_482.50w │   1_351.50w │    100.00% │
├──────────────────────────────────────────────────┼────────────────┼───────────────┼────────────┼─────────────┼─────────────┼─────────────┼─────────────┼────────────┤
│ merkle-trees path computation (sha256 / h = 3)   │        31.43us │       559.00w │     27.00w │    0.00e-9w │    0.00e-9w │    0.00e-9w │    0.00e-9w │      0.00% │
├──────────────────────────────────────────────────┼────────────────┼───────────────┼────────────┼─────────────┼─────────────┼─────────────┼─────────────┼────────────┤
│ merkle-trees path computation (sha256 / h = 5)   │       112.06us │     1_887.00w │     27.00w │    0.00e-9w │    0.00e-9w │    0.00e-9w │    0.00e-9w │      0.00% │
├──────────────────────────────────────────────────┼────────────────┼───────────────┼────────────┼─────────────┼─────────────┼─────────────┼─────────────┼────────────┤
│ merkle-trees path computation (sha256 / h = 10)  │     8_162.01us │    55_535.13w │     29.44w │     635.55w │   1_286.70w │     635.55w │   1_286.70w │      0.15% │
├──────────────────────────────────────────────────┼────────────────┼───────────────┼────────────┼─────────────┼─────────────┼─────────────┼─────────────┼────────────┤
│ merkle-trees path computation (sha256 / h = 12)  │    72_945.52us │   221_456.19w │     26.84w │  11_122.99w │  -4_475.81w │  11_122.99w │  -4_475.81w │      1.37% │
├──────────────────────────────────────────────────┼────────────────┼───────────────┼────────────┼─────────────┼─────────────┼─────────────┼─────────────┼────────────┤
│ merkle-trees path computation (sha256 / h = 15)  │ 5_073_389.10us │ 1_769_797.50w │     26.83w │ 266_249.00w │  -2_274.33w │ 266_249.00w │  -2_274.33w │     95.25% │
├──────────────────────────────────────────────────┼────────────────┼───────────────┼────────────┼─────────────┼─────────────┼─────────────┼─────────────┼────────────┤
│ merkle-trees path verification (sha256 / h = 3)  │        20.68us │       327.00w │     27.00w │    0.00e-9w │    0.00e-9w │    0.00e-9w │    0.00e-9w │      0.00% │
├──────────────────────────────────────────────────┼────────────────┼───────────────┼────────────┼─────────────┼─────────────┼─────────────┼─────────────┼────────────┤
│ merkle-trees path verification (sha256 / h = 5)  │        24.75us │       429.00w │     27.00w │    0.00e-9w │    0.00e-9w │    0.00e-9w │    0.00e-9w │      0.00% │
├──────────────────────────────────────────────────┼────────────────┼───────────────┼────────────┼─────────────┼─────────────┼─────────────┼─────────────┼────────────┤
│ merkle-trees path verification (sha256 / h = 10) │        41.31us │       684.00w │     27.00w │    0.00e-9w │    0.00e-9w │    0.00e-9w │    0.00e-9w │      0.00% │
├──────────────────────────────────────────────────┼────────────────┼───────────────┼────────────┼─────────────┼─────────────┼─────────────┼─────────────┼────────────┤
│ merkle-trees path verification (sha256 / h = 12) │        49.79us │       786.00w │     27.00w │    0.00e-9w │    0.00e-9w │    0.00e-9w │    0.00e-9w │      0.00% │
├──────────────────────────────────────────────────┼────────────────┼───────────────┼────────────┼─────────────┼─────────────┼─────────────┼─────────────┼────────────┤
│ merkle-trees path verification (sha256 / h = 15) │        56.20us │       939.00w │     27.00w │    0.00e-9w │    0.00e-9w │    0.00e-9w │    0.00e-9w │      0.00% │
└──────────────────────────────────────────────────┴────────────────┴───────────────┴────────────┴─────────────┴─────────────┴─────────────┴─────────────┴────────────┘
Benchmarks that take 1ns to 100ms can be estimated precisely. For more reliable 
estimates, redesign your benchmark to have a shorter execution time.
